2026-02-27 15:40:09 [INFO] numexpr.utils: Note: NumExpr detected 24 cores but "NUMEXPR_MAX_THREADS" not set, so enforcing safe limit of 8.
2026-02-27 15:40:09 [INFO] numexpr.utils: NumExpr defaulting to 8 threads.
2026-02-27 15:40:13 [INFO] numexpr.utils: Note: NumExpr detected 24 cores but "NUMEXPR_MAX_THREADS" not set, so enforcing safe limit of 8.
2026-02-27 15:40:13 [INFO] numexpr.utils: NumExpr defaulting to 8 threads.
2026-02-27 15:40:13 [INFO] qtsys.main: QTsys 启动中...
2026-02-27 15:40:13 [INFO] qtsys.main: 数据库初始化完成
2026-02-27 15:40:13 [INFO] qtsys.main: 新闻自动刷新任务已启动
2026-02-27 15:40:14 [WARNING] qtsys.news.scraper: 同花顺: 所有CSS选择器均未匹配，页面可能已改版
2026-02-27 15:40:14 [INFO] qtsys.news.scraper: 同花顺: 抓取0条
2026-02-27 15:40:14 [INFO] qtsys.news.scraper: 央行: 抓取0条
2026-02-27 15:40:14 [INFO] qtsys.news.scraper: 金十数据: 抓取20条
2026-02-27 15:40:14 [ERROR] qtsys.news.scraper: 东方财富第1页抓取失败
Traceback (most recent call last):
  File "F:\Github_project\QTsys\news\scraper.py", line 116, in scrape_eastmoney
    for it in data.get("data", {}).get("list", []):
              ^^^^^^^^^^^^^^^^^^^^^^^^
AttributeError: 'NoneType' object has no attribute 'get'
2026-02-27 15:40:14 [INFO] qtsys.news.scraper: 证监会: 抓取0条
2026-02-27 15:40:14 [ERROR] qtsys.news.scraper: 东方财富第2页抓取失败
Traceback (most recent call last):
  File "F:\Github_project\QTsys\news\scraper.py", line 116, in scrape_eastmoney
    for it in data.get("data", {}).get("list", []):
              ^^^^^^^^^^^^^^^^^^^^^^^^
AttributeError: 'NoneType' object has no attribute 'get'
2026-02-27 15:40:14 [INFO] qtsys.news.scraper: 华尔街见闻: 抓取50条
2026-02-27 15:40:14 [ERROR] qtsys.news.scraper: 东方财富第3页抓取失败
Traceback (most recent call last):
  File "F:\Github_project\QTsys\news\scraper.py", line 116, in scrape_eastmoney
    for it in data.get("data", {}).get("list", []):
              ^^^^^^^^^^^^^^^^^^^^^^^^
AttributeError: 'NoneType' object has no attribute 'get'
2026-02-27 15:40:14 [INFO] qtsys.news.scraper: 东方财富: 抓取0条
2026-02-27 15:40:14 [INFO] qtsys.news.scraper: 新浪财经: 抓取90条
2026-02-27 15:40:15 [INFO] qtsys.news.scraper: 财联社: 抓取60条
2026-02-27 15:40:18 [INFO] qtsys.news.scraper: 总计抓取220条, 去重后170条
2026-02-27 15:40:19 [INFO] qtsys.main: 自动刷新: 抓取170条, 新增170条
2026-02-27 15:41:04 [WARNING] qtsys.news.scraper: 同花顺: 所有CSS选择器均未匹配，页面可能已改版
2026-02-27 15:41:04 [INFO] qtsys.news.scraper: 同花顺: 抓取0条
2026-02-27 15:41:04 [INFO] qtsys.news.scraper: 证监会: 抓取0条
2026-02-27 15:41:04 [INFO] qtsys.news.scraper: 华尔街见闻: 抓取50条
2026-02-27 15:41:04 [INFO] qtsys.news.scraper: 央行: 抓取0条
2026-02-27 15:41:04 [ERROR] qtsys.news.scraper: 东方财富第1页抓取失败
Traceback (most recent call last):
  File "F:\Github_project\QTsys\news\scraper.py", line 116, in scrape_eastmoney
    for it in data.get("data", {}).get("list", []):
              ^^^^^^^^^^^^^^^^^^^^^^^^
AttributeError: 'NoneType' object has no attribute 'get'
2026-02-27 15:41:04 [ERROR] qtsys.news.scraper: 东方财富第2页抓取失败
Traceback (most recent call last):
  File "F:\Github_project\QTsys\news\scraper.py", line 116, in scrape_eastmoney
    for it in data.get("data", {}).get("list", []):
              ^^^^^^^^^^^^^^^^^^^^^^^^
AttributeError: 'NoneType' object has no attribute 'get'
2026-02-27 15:41:04 [INFO] qtsys.news.scraper: 金十数据: 抓取20条
2026-02-27 15:41:04 [ERROR] qtsys.news.scraper: 东方财富第3页抓取失败
Traceback (most recent call last):
  File "F:\Github_project\QTsys\news\scraper.py", line 116, in scrape_eastmoney
    for it in data.get("data", {}).get("list", []):
              ^^^^^^^^^^^^^^^^^^^^^^^^
AttributeError: 'NoneType' object has no attribute 'get'
2026-02-27 15:41:04 [INFO] qtsys.news.scraper: 东方财富: 抓取0条
2026-02-27 15:41:04 [INFO] qtsys.news.scraper: 新浪财经: 抓取90条
2026-02-27 15:41:04 [INFO] qtsys.news.scraper: 财联社: 抓取60条
2026-02-27 15:41:08 [INFO] qtsys.news.scraper: 总计抓取220条, 去重后171条
2026-02-27 15:42:08 [INFO] qtsys.data.cache: 000001.SZ 增量更新: 20231229 -> 20251231, +486条
2026-02-27 15:42:51 [INFO] qtsys.main: 新闻自动刷新任务已停止
2026-02-27 15:42:51 [INFO] qtsys.main: QTsys 已关闭
2026-02-27 17:32:42 [INFO] numexpr.utils: Note: NumExpr detected 24 cores but "NUMEXPR_MAX_THREADS" not set, so enforcing safe limit of 8.
2026-02-27 17:32:42 [INFO] numexpr.utils: NumExpr defaulting to 8 threads.
2026-02-27 17:34:41 [INFO] numexpr.utils: Note: NumExpr detected 24 cores but "NUMEXPR_MAX_THREADS" not set, so enforcing safe limit of 8.
2026-02-27 17:34:41 [INFO] numexpr.utils: NumExpr defaulting to 8 threads.
2026-02-27 17:34:50 [INFO] numexpr.utils: Note: NumExpr detected 24 cores but "NUMEXPR_MAX_THREADS" not set, so enforcing safe limit of 8.
2026-02-27 17:34:50 [INFO] numexpr.utils: NumExpr defaulting to 8 threads.
2026-02-27 17:35:48 [INFO] numexpr.utils: Note: NumExpr detected 24 cores but "NUMEXPR_MAX_THREADS" not set, so enforcing safe limit of 8.
2026-02-27 17:35:48 [INFO] numexpr.utils: NumExpr defaulting to 8 threads.
2026-02-27 17:35:49 [INFO] qtsys.main: QTsys 启动中...
2026-02-27 17:35:49 [INFO] qtsys.main: 数据库初始化完成
2026-02-27 17:35:49 [INFO] qtsys.main: 新闻自动刷新任务已启动
2026-02-27 17:35:50 [WARNING] qtsys.news.scraper: 同花顺: 所有CSS选择器均未匹配，页面可能已改版
2026-02-27 17:35:50 [INFO] qtsys.news.scraper: 同花顺: 抓取0条
2026-02-27 17:35:50 [INFO] qtsys.news.scraper: 央行: 抓取0条
2026-02-27 17:35:50 [INFO] qtsys.news.scraper: 新浪财经: 抓取90条
2026-02-27 17:35:50 [INFO] qtsys.news.scraper: 华尔街见闻: 抓取50条
2026-02-27 17:35:50 [INFO] qtsys.news.scraper: 金十数据: 抓取21条
2026-02-27 17:35:50 [INFO] qtsys.news.scraper: 证监会: 抓取0条
2026-02-27 17:35:50 [ERROR] qtsys.news.scraper: 东方财富第1页抓取失败
Traceback (most recent call last):
  File "F:\Github_project\QTsys\news\scraper.py", line 116, in scrape_eastmoney
    for it in data.get("data", {}).get("list", []):
              ^^^^^^^^^^^^^^^^^^^^^^^^
AttributeError: 'NoneType' object has no attribute 'get'
2026-02-27 17:35:50 [ERROR] qtsys.news.scraper: 东方财富第2页抓取失败
Traceback (most recent call last):
  File "F:\Github_project\QTsys\news\scraper.py", line 116, in scrape_eastmoney
    for it in data.get("data", {}).get("list", []):
              ^^^^^^^^^^^^^^^^^^^^^^^^
AttributeError: 'NoneType' object has no attribute 'get'
2026-02-27 17:35:50 [ERROR] qtsys.news.scraper: 东方财富第3页抓取失败
Traceback (most recent call last):
  File "F:\Github_project\QTsys\news\scraper.py", line 116, in scrape_eastmoney
    for it in data.get("data", {}).get("list", []):
              ^^^^^^^^^^^^^^^^^^^^^^^^
AttributeError: 'NoneType' object has no attribute 'get'
2026-02-27 17:35:50 [INFO] qtsys.news.scraper: 东方财富: 抓取0条
2026-02-27 17:35:50 [INFO] qtsys.news.scraper: 财联社: 抓取60条
2026-02-27 17:35:51 [INFO] qtsys.news.scraper: 总计抓取221条, 去重后175条
2026-02-27 17:35:51 [INFO] qtsys.main: 自动刷新: 抓取175条, 新增133条
2026-02-27 17:36:05 [INFO] numexpr.utils: Note: NumExpr detected 24 cores but "NUMEXPR_MAX_THREADS" not set, so enforcing safe limit of 8.
2026-02-27 17:36:05 [INFO] numexpr.utils: NumExpr defaulting to 8 threads.
2026-02-27 17:36:06 [INFO] qtsys.main: QTsys 启动中...
2026-02-27 17:36:06 [INFO] qtsys.main: 数据库初始化完成
2026-02-27 17:36:06 [INFO] qtsys.main: 新闻自动刷新任务已启动
2026-02-27 17:36:06 [INFO] qtsys.news.scraper: 证监会: 抓取0条
2026-02-27 17:36:06 [WARNING] qtsys.news.scraper: 同花顺: 所有CSS选择器均未匹配，页面可能已改版
2026-02-27 17:36:06 [INFO] qtsys.news.scraper: 同花顺: 抓取0条
2026-02-27 17:36:06 [INFO] qtsys.news.scraper: 央行: 抓取0条
2026-02-27 17:36:06 [INFO] qtsys.news.scraper: 华尔街见闻: 抓取50条
2026-02-27 17:36:06 [INFO] qtsys.news.scraper: 金十数据: 抓取19条
2026-02-27 17:36:06 [INFO] qtsys.news.scraper: 新浪财经: 抓取90条
2026-02-27 17:36:06 [ERROR] qtsys.news.scraper: 东方财富第1页抓取失败
Traceback (most recent call last):
  File "F:\Github_project\QTsys\news\scraper.py", line 116, in scrape_eastmoney
    for it in data.get("data", {}).get("list", []):
              ^^^^^^^^^^^^^^^^^^^^^^^^
AttributeError: 'NoneType' object has no attribute 'get'
2026-02-27 17:36:06 [ERROR] qtsys.news.scraper: 东方财富第2页抓取失败
Traceback (most recent call last):
  File "F:\Github_project\QTsys\news\scraper.py", line 116, in scrape_eastmoney
    for it in data.get("data", {}).get("list", []):
              ^^^^^^^^^^^^^^^^^^^^^^^^
AttributeError: 'NoneType' object has no attribute 'get'
2026-02-27 17:36:06 [ERROR] qtsys.news.scraper: 东方财富第3页抓取失败
Traceback (most recent call last):
  File "F:\Github_project\QTsys\news\scraper.py", line 116, in scrape_eastmoney
    for it in data.get("data", {}).get("list", []):
              ^^^^^^^^^^^^^^^^^^^^^^^^
AttributeError: 'NoneType' object has no attribute 'get'
2026-02-27 17:36:06 [INFO] qtsys.news.scraper: 东方财富: 抓取0条
2026-02-27 17:36:07 [INFO] qtsys.news.scraper: 财联社: 抓取60条
2026-02-27 17:36:07 [INFO] qtsys.news.scraper: 总计抓取219条, 去重后174条
2026-02-27 17:36:07 [INFO] qtsys.main: 自动刷新: 抓取174条, 新增1条
2026-02-27 17:36:24 [INFO] numexpr.utils: Note: NumExpr detected 24 cores but "NUMEXPR_MAX_THREADS" not set, so enforcing safe limit of 8.
2026-02-27 17:36:24 [INFO] numexpr.utils: NumExpr defaulting to 8 threads.
2026-02-27 17:36:25 [INFO] qtsys.main: QTsys 启动中...
2026-02-27 17:36:25 [INFO] qtsys.main: 数据库初始化完成
2026-02-27 17:36:25 [INFO] qtsys.main: 新闻自动刷新任务已启动
2026-02-27 17:36:25 [INFO] qtsys.main: 新闻自动刷新任务已停止
2026-02-27 17:36:25 [INFO] qtsys.main: QTsys 已关闭
2026-02-27 17:37:05 [INFO] numexpr.utils: Note: NumExpr detected 24 cores but "NUMEXPR_MAX_THREADS" not set, so enforcing safe limit of 8.
2026-02-27 17:37:05 [INFO] numexpr.utils: NumExpr defaulting to 8 threads.
2026-02-27 17:39:51 [INFO] numexpr.utils: Note: NumExpr detected 24 cores but "NUMEXPR_MAX_THREADS" not set, so enforcing safe limit of 8.
2026-02-27 17:39:51 [INFO] numexpr.utils: NumExpr defaulting to 8 threads.
2026-02-27 17:39:52 [INFO] numexpr.utils: Note: NumExpr detected 24 cores but "NUMEXPR_MAX_THREADS" not set, so enforcing safe limit of 8.
2026-02-27 17:39:52 [INFO] numexpr.utils: NumExpr defaulting to 8 threads.
2026-02-27 17:39:53 [INFO] qtsys.main: QTsys 启动中...
2026-02-27 17:39:53 [INFO] qtsys.main: 数据库初始化完成
2026-02-27 17:39:53 [INFO] qtsys.main: 新闻自动刷新任务已启动
2026-02-27 17:39:53 [ERROR] qtsys.news.scraper: 东方财富第1页抓取失败
Traceback (most recent call last):
  File "F:\Github_project\QTsys\news\scraper.py", line 116, in scrape_eastmoney
    for it in data.get("data", {}).get("list", []):
              ^^^^^^^^^^^^^^^^^^^^^^^^
AttributeError: 'NoneType' object has no attribute 'get'
2026-02-27 17:39:53 [WARNING] qtsys.news.scraper: 同花顺: 所有CSS选择器均未匹配，页面可能已改版
2026-02-27 17:39:53 [INFO] qtsys.news.scraper: 同花顺: 抓取0条
2026-02-27 17:39:53 [INFO] qtsys.news.scraper: 金十数据: 抓取19条
2026-02-27 17:39:53 [INFO] qtsys.news.scraper: 央行: 抓取0条
2026-02-27 17:39:53 [ERROR] qtsys.news.scraper: 东方财富第2页抓取失败
Traceback (most recent call last):
  File "F:\Github_project\QTsys\news\scraper.py", line 116, in scrape_eastmoney
    for it in data.get("data", {}).get("list", []):
              ^^^^^^^^^^^^^^^^^^^^^^^^
AttributeError: 'NoneType' object has no attribute 'get'
2026-02-27 17:39:53 [INFO] qtsys.news.scraper: 华尔街见闻: 抓取50条
2026-02-27 17:39:54 [INFO] qtsys.news.scraper: 证监会: 抓取0条
2026-02-27 17:39:54 [ERROR] qtsys.news.scraper: 东方财富第3页抓取失败
Traceback (most recent call last):
  File "F:\Github_project\QTsys\news\scraper.py", line 116, in scrape_eastmoney
    for it in data.get("data", {}).get("list", []):
              ^^^^^^^^^^^^^^^^^^^^^^^^
AttributeError: 'NoneType' object has no attribute 'get'
2026-02-27 17:39:54 [INFO] qtsys.news.scraper: 东方财富: 抓取0条
2026-02-27 17:39:54 [INFO] qtsys.news.scraper: 财联社: 抓取60条
2026-02-27 17:39:54 [INFO] qtsys.news.scraper: 新浪财经: 抓取90条
2026-02-27 17:39:54 [INFO] qtsys.news.scraper: 总计抓取219条, 去重后175条
2026-02-27 17:39:54 [INFO] qtsys.main: 自动刷新: 抓取175条, 新增12条
2026-02-27 17:40:58 [INFO] qtsys.main: 新闻自动刷新任务已停止
2026-02-27 17:40:58 [INFO] qtsys.main: QTsys 已关闭
2026-02-27 17:45:05 [INFO] numexpr.utils: Note: NumExpr detected 24 cores but "NUMEXPR_MAX_THREADS" not set, so enforcing safe limit of 8.
2026-02-27 17:45:05 [INFO] numexpr.utils: NumExpr defaulting to 8 threads.
2026-02-27 17:45:05 [INFO] qtsys.main: QTsys 启动中...
2026-02-27 17:45:05 [INFO] qtsys.main: 数据库初始化完成
2026-02-27 17:45:05 [INFO] qtsys.main: 新闻自动刷新任务已启动
2026-02-27 17:45:06 [INFO] qtsys.main: 新闻自动刷新任务已停止
2026-02-27 17:45:06 [INFO] qtsys.main: QTsys 已关闭
2026-02-27 17:51:22 [INFO] numexpr.utils: Note: NumExpr detected 24 cores but "NUMEXPR_MAX_THREADS" not set, so enforcing safe limit of 8.
2026-02-27 17:51:22 [INFO] numexpr.utils: NumExpr defaulting to 8 threads.
2026-02-27 17:52:08 [INFO] numexpr.utils: Note: NumExpr detected 24 cores but "NUMEXPR_MAX_THREADS" not set, so enforcing safe limit of 8.
2026-02-27 17:52:08 [INFO] numexpr.utils: NumExpr defaulting to 8 threads.
2026-02-27 17:52:08 [INFO] qtsys.main: QTsys 启动中...
2026-02-27 17:52:08 [INFO] qtsys.main: 数据库初始化完成
2026-02-27 17:52:08 [INFO] qtsys.main: 新闻自动刷新任务已启动
2026-02-27 17:52:09 [INFO] qtsys.news.scraper: 金十数据: 抓取21条
2026-02-27 17:52:09 [INFO] qtsys.news.scraper: 证监会: 抓取0条
2026-02-27 17:52:09 [INFO] qtsys.news.scraper: 华尔街见闻: 抓取50条
2026-02-27 17:52:09 [ERROR] qtsys.news.scraper: 东方财富第1页抓取失败
Traceback (most recent call last):
  File "F:\Github_project\QTsys\news\scraper.py", line 118, in scrape_eastmoney
    for it in data.get("data", {}).get("list", []):
              ^^^^^^^^^^^^^^^^^^^^^^^^
AttributeError: 'NoneType' object has no attribute 'get'
2026-02-27 17:52:09 [WARNING] qtsys.news.scraper: 同花顺: 所有CSS选择器均未匹配，页面可能已改版
2026-02-27 17:52:09 [INFO] qtsys.news.scraper: 同花顺: 抓取0条
2026-02-27 17:52:09 [ERROR] qtsys.news.scraper: 东方财富第2页抓取失败
Traceback (most recent call last):
  File "F:\Github_project\QTsys\news\scraper.py", line 118, in scrape_eastmoney
    for it in data.get("data", {}).get("list", []):
              ^^^^^^^^^^^^^^^^^^^^^^^^
AttributeError: 'NoneType' object has no attribute 'get'
2026-02-27 17:52:09 [INFO] qtsys.news.scraper: 央行: 抓取0条
2026-02-27 17:52:09 [INFO] qtsys.news.scraper: 新浪财经: 抓取90条
2026-02-27 17:52:09 [ERROR] qtsys.news.scraper: 东方财富第3页抓取失败
Traceback (most recent call last):
  File "F:\Github_project\QTsys\news\scraper.py", line 118, in scrape_eastmoney
    for it in data.get("data", {}).get("list", []):
              ^^^^^^^^^^^^^^^^^^^^^^^^
AttributeError: 'NoneType' object has no attribute 'get'
2026-02-27 17:52:09 [INFO] qtsys.news.scraper: 东方财富: 抓取0条
2026-02-27 17:52:09 [INFO] qtsys.news.scraper: 财联社: 抓取60条
2026-02-27 17:52:10 [INFO] qtsys.news.scraper: 总计抓取221条, 去重后176条
2026-02-27 17:52:10 [INFO] qtsys.main: 自动刷新: 抓取176条, 新增40条
2026-02-27 17:55:18 [INFO] numexpr.utils: Note: NumExpr detected 24 cores but "NUMEXPR_MAX_THREADS" not set, so enforcing safe limit of 8.
2026-02-27 17:55:18 [INFO] numexpr.utils: NumExpr defaulting to 8 threads.
2026-02-27 17:55:21 [INFO] qtsys.main: QTsys 启动中...
2026-02-27 17:55:21 [INFO] qtsys.main: 数据库初始化完成
2026-02-27 17:55:21 [INFO] qtsys.main: 新闻自动刷新任务已启动
2026-02-27 17:55:22 [INFO] qtsys.news.scraper: 新浪财经: 抓取90条
2026-02-27 17:55:22 [INFO] qtsys.news.scraper: 央行: 抓取0条
2026-02-27 17:55:22 [WARNING] qtsys.news.scraper: 同花顺: 所有CSS选择器均未匹配，页面可能已改版
2026-02-27 17:55:22 [INFO] qtsys.news.scraper: 同花顺: 抓取0条
2026-02-27 17:55:22 [ERROR] qtsys.news.scraper: 东方财富第1页抓取失败
Traceback (most recent call last):
  File "F:\Github_project\QTsys\news\scraper.py", line 118, in scrape_eastmoney
    for it in data.get("data", {}).get("list", []):
              ^^^^^^^^^^^^^^^^^^^^^^^^
AttributeError: 'NoneType' object has no attribute 'get'
2026-02-27 17:55:22 [INFO] qtsys.news.scraper: 华尔街见闻: 抓取50条
2026-02-27 17:55:22 [INFO] qtsys.news.scraper: 证监会: 抓取0条
2026-02-27 17:55:22 [ERROR] qtsys.news.scraper: 东方财富第2页抓取失败
Traceback (most recent call last):
  File "F:\Github_project\QTsys\news\scraper.py", line 118, in scrape_eastmoney
    for it in data.get("data", {}).get("list", []):
              ^^^^^^^^^^^^^^^^^^^^^^^^
AttributeError: 'NoneType' object has no attribute 'get'
2026-02-27 17:55:22 [INFO] qtsys.news.scraper: 金十数据: 抓取21条
2026-02-27 17:55:22 [ERROR] qtsys.news.scraper: 东方财富第3页抓取失败
Traceback (most recent call last):
  File "F:\Github_project\QTsys\news\scraper.py", line 118, in scrape_eastmoney
    for it in data.get("data", {}).get("list", []):
              ^^^^^^^^^^^^^^^^^^^^^^^^
AttributeError: 'NoneType' object has no attribute 'get'
2026-02-27 17:55:22 [INFO] qtsys.news.scraper: 东方财富: 抓取0条
2026-02-27 17:55:23 [INFO] qtsys.news.scraper: 财联社: 抓取60条
2026-02-27 17:55:23 [INFO] qtsys.news.scraper: 总计抓取221条, 去重后175条
2026-02-27 17:55:23 [INFO] qtsys.main: 自动刷新: 抓取175条, 新增13条
2026-02-27 17:58:17 [INFO] numexpr.utils: Note: NumExpr detected 24 cores but "NUMEXPR_MAX_THREADS" not set, so enforcing safe limit of 8.
2026-02-27 17:58:17 [INFO] numexpr.utils: NumExpr defaulting to 8 threads.
2026-02-27 17:58:18 [INFO] qtsys.main: QTsys 启动中...
2026-02-27 17:58:18 [INFO] qtsys.main: 数据库初始化完成
2026-02-27 17:58:18 [INFO] qtsys.main: 新闻自动刷新任务已启动
2026-02-27 17:58:18 [INFO] qtsys.news.scraper: 证监会: 抓取0条
2026-02-27 17:58:18 [WARNING] qtsys.news.scraper: 同花顺: 所有CSS选择器均未匹配，页面可能已改版
2026-02-27 17:58:18 [INFO] qtsys.news.scraper: 同花顺: 抓取0条
2026-02-27 17:58:18 [INFO] qtsys.news.scraper: 央行: 抓取0条
2026-02-27 17:58:18 [ERROR] qtsys.news.scraper: 东方财富第1页抓取失败
Traceback (most recent call last):
  File "F:\Github_project\QTsys\news\scraper.py", line 118, in scrape_eastmoney
    for it in data.get("data", {}).get("list", []):
              ^^^^^^^^^^^^^^^^^^^^^^^^
AttributeError: 'NoneType' object has no attribute 'get'
2026-02-27 17:58:18 [INFO] qtsys.news.scraper: 金十数据: 抓取21条
2026-02-27 17:58:18 [ERROR] qtsys.news.scraper: 东方财富第2页抓取失败
Traceback (most recent call last):
  File "F:\Github_project\QTsys\news\scraper.py", line 118, in scrape_eastmoney
    for it in data.get("data", {}).get("list", []):
              ^^^^^^^^^^^^^^^^^^^^^^^^
AttributeError: 'NoneType' object has no attribute 'get'
2026-02-27 17:58:18 [INFO] qtsys.news.scraper: 新浪财经: 抓取90条
2026-02-27 17:58:18 [ERROR] qtsys.news.scraper: 东方财富第3页抓取失败
Traceback (most recent call last):
  File "F:\Github_project\QTsys\news\scraper.py", line 118, in scrape_eastmoney
    for it in data.get("data", {}).get("list", []):
              ^^^^^^^^^^^^^^^^^^^^^^^^
AttributeError: 'NoneType' object has no attribute 'get'
2026-02-27 17:58:18 [INFO] qtsys.news.scraper: 东方财富: 抓取0条
2026-02-27 17:58:19 [INFO] qtsys.news.scraper: 财联社: 抓取60条
2026-02-27 17:58:22 [INFO] qtsys.news.scraper: 华尔街见闻: 抓取50条
2026-02-27 17:58:23 [INFO] qtsys.news.scraper: 总计抓取221条, 去重后173条
2026-02-27 17:58:23 [INFO] qtsys.main: 自动刷新: 抓取173条, 新增14条
2026-02-27 17:59:15 [INFO] numexpr.utils: Note: NumExpr detected 24 cores but "NUMEXPR_MAX_THREADS" not set, so enforcing safe limit of 8.
2026-02-27 17:59:15 [INFO] numexpr.utils: NumExpr defaulting to 8 threads.
2026-02-27 17:59:15 [INFO] qtsys.main: QTsys 启动中...
2026-02-27 17:59:15 [INFO] qtsys.main: 数据库初始化完成
2026-02-27 17:59:15 [INFO] qtsys.main: 新闻自动刷新任务已启动
2026-02-27 17:59:16 [WARNING] qtsys.news.scraper: 同花顺: 所有CSS选择器均未匹配，页面可能已改版
2026-02-27 17:59:16 [INFO] qtsys.news.scraper: 同花顺: 抓取0条
2026-02-27 17:59:16 [INFO] qtsys.news.scraper: 证监会: 抓取0条
2026-02-27 17:59:16 [INFO] qtsys.news.scraper: 华尔街见闻: 抓取50条
2026-02-27 17:59:16 [INFO] qtsys.news.scraper: 金十数据: 抓取20条
2026-02-27 17:59:16 [INFO] qtsys.news.scraper: 东方财富: 抓取0条
2026-02-27 17:59:16 [INFO] qtsys.news.scraper: 央行: 抓取0条
2026-02-27 17:59:16 [INFO] qtsys.news.scraper: 财联社: 抓取60条
2026-02-27 17:59:16 [INFO] qtsys.news.scraper: 新浪财经: 抓取90条
2026-02-27 17:59:17 [INFO] qtsys.news.scraper: 总计抓取220条, 去重后172条
2026-02-27 17:59:17 [INFO] qtsys.main: 自动刷新: 抓取172条, 新增4条
2026-02-27 17:59:51 [INFO] numexpr.utils: Note: NumExpr detected 24 cores but "NUMEXPR_MAX_THREADS" not set, so enforcing safe limit of 8.
2026-02-27 17:59:51 [INFO] numexpr.utils: NumExpr defaulting to 8 threads.
2026-02-27 18:00:06 [INFO] numexpr.utils: Note: NumExpr detected 24 cores but "NUMEXPR_MAX_THREADS" not set, so enforcing safe limit of 8.
2026-02-27 18:00:06 [INFO] numexpr.utils: NumExpr defaulting to 8 threads.
2026-02-27 18:00:07 [INFO] qtsys.main: QTsys 启动中...
2026-02-27 18:00:07 [INFO] qtsys.main: 数据库初始化完成
2026-02-27 18:00:07 [INFO] qtsys.main: 新闻自动刷新任务已启动
2026-02-27 18:00:07 [WARNING] qtsys.news.scraper: 同花顺: 所有CSS选择器均未匹配，页面可能已改版
2026-02-27 18:00:07 [INFO] qtsys.news.scraper: 同花顺: 抓取0条
2026-02-27 18:00:07 [INFO] qtsys.news.scraper: 证监会: 抓取0条
2026-02-27 18:00:07 [INFO] qtsys.news.scraper: 央行: 抓取0条
2026-02-27 18:00:07 [INFO] qtsys.news.scraper: 金十数据: 抓取20条
2026-02-27 18:00:07 [INFO] qtsys.news.scraper: 华尔街见闻: 抓取50条
2026-02-27 18:00:07 [INFO] qtsys.news.scraper: 东方财富: 抓取0条
2026-02-27 18:00:08 [INFO] qtsys.news.scraper: 财联社: 抓取60条
2026-02-27 18:00:08 [INFO] qtsys.news.scraper: 新浪财经: 抓取90条
2026-02-27 18:00:09 [INFO] qtsys.news.scraper: 总计抓取220条, 去重后172条
2026-02-27 18:00:09 [INFO] qtsys.main: 自动刷新: 抓取172条, 新增3条
2026-02-27 18:00:23 [INFO] numexpr.utils: Note: NumExpr detected 24 cores but "NUMEXPR_MAX_THREADS" not set, so enforcing safe limit of 8.
2026-02-27 18:00:23 [INFO] numexpr.utils: NumExpr defaulting to 8 threads.
2026-02-27 18:00:24 [INFO] qtsys.main: QTsys 启动中...
2026-02-27 18:00:24 [INFO] qtsys.main: 数据库初始化完成
2026-02-27 18:00:24 [INFO] qtsys.main: 新闻自动刷新任务已启动
2026-02-27 18:00:24 [INFO] qtsys.news.scraper: 证监会: 抓取0条
2026-02-27 18:00:24 [WARNING] qtsys.news.scraper: 同花顺: 所有CSS选择器均未匹配，页面可能已改版
2026-02-27 18:00:24 [INFO] qtsys.news.scraper: 同花顺: 抓取0条
2026-02-27 18:00:24 [INFO] qtsys.news.scraper: 新浪财经: 抓取90条
2026-02-27 18:00:24 [INFO] qtsys.news.scraper: 华尔街见闻: 抓取50条
2026-02-27 18:00:24 [INFO] qtsys.news.scraper: 金十数据: 抓取20条
2026-02-27 18:00:24 [INFO] qtsys.news.scraper: 央行: 抓取0条
2026-02-27 18:00:25 [INFO] qtsys.news.scraper: 东方财富: 抓取0条
2026-02-27 18:00:25 [INFO] qtsys.news.scraper: 财联社: 抓取60条
2026-02-27 18:00:25 [INFO] qtsys.news.scraper: 总计抓取220条, 去重后172条
2026-02-27 18:00:25 [INFO] qtsys.main: 自动刷新: 抓取172条, 新增3条
2026-02-27 18:01:00 [INFO] numexpr.utils: Note: NumExpr detected 24 cores but "NUMEXPR_MAX_THREADS" not set, so enforcing safe limit of 8.
2026-02-27 18:01:00 [INFO] numexpr.utils: NumExpr defaulting to 8 threads.
2026-02-27 18:01:01 [INFO] qtsys.main: QTsys 启动中...
2026-02-27 18:01:01 [INFO] qtsys.main: 数据库初始化完成
2026-02-27 18:01:01 [INFO] qtsys.main: 新闻自动刷新任务已启动
2026-02-27 18:01:01 [INFO] qtsys.news.scraper: 金十数据: 抓取20条
2026-02-27 18:01:01 [INFO] qtsys.news.scraper: 央行: 抓取0条
2026-02-27 18:01:01 [INFO] qtsys.news.scraper: 证监会: 抓取0条
2026-02-27 18:01:01 [WARNING] qtsys.news.scraper: 同花顺: 所有CSS选择器均未匹配，页面可能已改版
2026-02-27 18:01:01 [INFO] qtsys.news.scraper: 同花顺: 抓取0条
2026-02-27 18:01:01 [INFO] qtsys.news.scraper: 新浪财经: 抓取90条
2026-02-27 18:01:02 [INFO] qtsys.news.scraper: 东方财富: 抓取0条
2026-02-27 18:01:02 [INFO] qtsys.news.scraper: 财联社: 抓取60条
2026-02-27 18:02:25 [INFO] numexpr.utils: Note: NumExpr detected 24 cores but "NUMEXPR_MAX_THREADS" not set, so enforcing safe limit of 8.
2026-02-27 18:02:25 [INFO] numexpr.utils: NumExpr defaulting to 8 threads.
2026-02-27 18:02:45 [INFO] numexpr.utils: Note: NumExpr detected 24 cores but "NUMEXPR_MAX_THREADS" not set, so enforcing safe limit of 8.
2026-02-27 18:02:45 [INFO] numexpr.utils: NumExpr defaulting to 8 threads.
2026-02-27 18:02:45 [INFO] qtsys.main: QTsys 启动中...
2026-02-27 18:02:45 [INFO] qtsys.main: 数据库初始化完成
2026-02-27 18:02:45 [INFO] qtsys.main: 新闻自动刷新任务已启动
2026-02-27 18:02:46 [WARNING] qtsys.news.scraper: 同花顺: 所有CSS选择器均未匹配，页面可能已改版
2026-02-27 18:02:46 [INFO] qtsys.news.scraper: 同花顺: 抓取0条
2026-02-27 18:02:46 [INFO] qtsys.news.scraper: 证监会: 抓取0条
2026-02-27 18:02:46 [INFO] qtsys.news.scraper: 新浪财经: 抓取90条
2026-02-27 18:02:46 [INFO] qtsys.news.scraper: 金十数据: 抓取20条
2026-02-27 18:02:46 [INFO] qtsys.news.scraper: 央行: 抓取0条
2026-02-27 18:02:46 [INFO] qtsys.news.scraper: 东方财富: 抓取0条
2026-02-27 18:02:46 [INFO] qtsys.news.scraper: 财联社: 抓取60条
2026-02-27 18:04:39 [INFO] numexpr.utils: Note: NumExpr detected 24 cores but "NUMEXPR_MAX_THREADS" not set, so enforcing safe limit of 8.
2026-02-27 18:04:39 [INFO] numexpr.utils: NumExpr defaulting to 8 threads.
2026-02-27 18:08:57 [INFO] numexpr.utils: Note: NumExpr detected 24 cores but "NUMEXPR_MAX_THREADS" not set, so enforcing safe limit of 8.
2026-02-27 18:08:57 [INFO] numexpr.utils: NumExpr defaulting to 8 threads.
2026-02-27 18:08:58 [INFO] numexpr.utils: Note: NumExpr detected 24 cores but "NUMEXPR_MAX_THREADS" not set, so enforcing safe limit of 8.
2026-02-27 18:08:58 [INFO] numexpr.utils: NumExpr defaulting to 8 threads.
2026-02-27 18:08:59 [INFO] qtsys.main: QTsys 启动中...
2026-02-27 18:08:59 [INFO] qtsys.main: 数据库初始化完成
2026-02-27 18:08:59 [INFO] qtsys.main: 新闻自动刷新任务已启动
2026-02-27 18:09:00 [WARNING] qtsys.news.scraper: 同花顺: 所有CSS选择器均未匹配，页面可能已改版
2026-02-27 18:09:00 [INFO] qtsys.news.scraper: 同花顺: 抓取0条
2026-02-27 18:09:00 [INFO] qtsys.news.scraper: 金十数据: 抓取20条
2026-02-27 18:09:00 [INFO] qtsys.news.scraper: 央行: 抓取0条
2026-02-27 18:09:00 [INFO] qtsys.news.scraper: 证监会: 抓取0条
2026-02-27 18:09:00 [INFO] qtsys.news.scraper: 东方财富: 抓取0条
2026-02-27 18:09:00 [INFO] qtsys.news.scraper: 新浪财经: 抓取90条
2026-02-27 18:09:00 [INFO] qtsys.news.scraper: 财联社: 抓取60条
2026-02-27 18:10:49 [INFO] numexpr.utils: Note: NumExpr detected 24 cores but "NUMEXPR_MAX_THREADS" not set, so enforcing safe limit of 8.
2026-02-27 18:10:49 [INFO] numexpr.utils: NumExpr defaulting to 8 threads.
2026-02-27 18:10:51 [INFO] numexpr.utils: Note: NumExpr detected 24 cores but "NUMEXPR_MAX_THREADS" not set, so enforcing safe limit of 8.
2026-02-27 18:10:51 [INFO] numexpr.utils: NumExpr defaulting to 8 threads.
2026-02-27 18:10:51 [INFO] qtsys.main: QTsys 启动中...
2026-02-27 18:10:51 [INFO] qtsys.main: 数据库初始化完成
2026-02-27 18:10:51 [INFO] qtsys.main: 新闻自动刷新任务已启动
2026-02-27 18:10:52 [WARNING] qtsys.news.scraper: 同花顺: 所有CSS选择器均未匹配，页面可能已改版
2026-02-27 18:10:52 [INFO] qtsys.news.scraper: 同花顺: 抓取0条
2026-02-27 18:10:52 [INFO] qtsys.news.scraper: 证监会: 抓取0条
2026-02-27 18:10:52 [INFO] qtsys.news.scraper: 央行: 抓取0条
2026-02-27 18:10:52 [INFO] qtsys.news.scraper: 金十数据: 抓取20条
2026-02-27 18:10:52 [INFO] qtsys.news.scraper: 东方财富: 抓取0条
2026-02-27 18:10:52 [INFO] qtsys.news.scraper: 新浪财经: 抓取90条
2026-02-27 18:10:52 [INFO] qtsys.news.scraper: 财联社: 抓取60条
2026-02-27 18:11:00 [INFO] qtsys.news.scraper: 华尔街见闻: 抓取50条
2026-02-27 18:11:01 [INFO] qtsys.news.scraper: 总计抓取220条, 去重后173条
2026-02-27 18:11:01 [INFO] qtsys.main: 自动刷新: 抓取173条, 新增30条
2026-02-27 18:13:56 [INFO] numexpr.utils: Note: NumExpr detected 24 cores but "NUMEXPR_MAX_THREADS" not set, so enforcing safe limit of 8.
2026-02-27 18:13:56 [INFO] numexpr.utils: NumExpr defaulting to 8 threads.
2026-02-27 18:13:58 [INFO] numexpr.utils: Note: NumExpr detected 24 cores but "NUMEXPR_MAX_THREADS" not set, so enforcing safe limit of 8.
2026-02-27 18:13:58 [INFO] numexpr.utils: NumExpr defaulting to 8 threads.
2026-02-27 18:13:59 [INFO] qtsys.main: QTsys 启动中...
2026-02-27 18:13:59 [INFO] qtsys.main: 数据库初始化完成
2026-02-27 18:13:59 [INFO] qtsys.main: 新闻自动刷新任务已启动
2026-02-27 18:13:59 [WARNING] qtsys.news.scraper: 同花顺: 所有CSS选择器均未匹配，页面可能已改版
2026-02-27 18:13:59 [INFO] qtsys.news.scraper: 同花顺: 抓取0条
2026-02-27 18:13:59 [INFO] qtsys.news.scraper: 华尔街见闻: 抓取50条
2026-02-27 18:13:59 [INFO] qtsys.news.scraper: 金十数据: 抓取20条
2026-02-27 18:13:59 [INFO] qtsys.news.scraper: 央行: 抓取0条
2026-02-27 18:13:59 [INFO] qtsys.news.scraper: 证监会: 抓取0条
2026-02-27 18:13:59 [INFO] qtsys.news.scraper: 新浪财经: 抓取90条
2026-02-27 18:13:59 [INFO] qtsys.news.scraper: 东方财富: 抓取0条
2026-02-27 18:14:00 [INFO] qtsys.news.scraper: 财联社: 抓取60条
2026-02-27 18:14:00 [INFO] qtsys.news.scraper: 总计抓取220条, 去重后171条
2026-02-27 18:14:00 [INFO] qtsys.main: 自动刷新: 抓取171条, 新增16条
2026-02-27 18:21:02 [INFO] numexpr.utils: Note: NumExpr detected 24 cores but "NUMEXPR_MAX_THREADS" not set, so enforcing safe limit of 8.
2026-02-27 18:21:02 [INFO] numexpr.utils: NumExpr defaulting to 8 threads.
2026-02-27 18:21:03 [INFO] numexpr.utils: Note: NumExpr detected 24 cores but "NUMEXPR_MAX_THREADS" not set, so enforcing safe limit of 8.
2026-02-27 18:21:03 [INFO] numexpr.utils: NumExpr defaulting to 8 threads.
2026-02-27 18:21:04 [INFO] qtsys.main: QTsys 启动中...
2026-02-27 18:21:04 [INFO] qtsys.main: 数据库初始化完成
2026-02-27 18:21:04 [INFO] qtsys.main: 新闻自动刷新任务已启动
2026-02-27 18:21:05 [INFO] qtsys.news.scraper: 金十数据: 抓取21条
2026-02-27 18:21:05 [INFO] qtsys.news.scraper: 证监会: 抓取0条
2026-02-27 18:21:05 [WARNING] qtsys.news.scraper: 同花顺: 所有CSS选择器均未匹配，页面可能已改版
2026-02-27 18:21:05 [INFO] qtsys.news.scraper: 同花顺: 抓取0条
2026-02-27 18:21:05 [INFO] qtsys.news.scraper: 央行: 抓取0条
2026-02-27 18:21:05 [INFO] qtsys.news.scraper: 东方财富: 抓取0条
2026-02-27 18:21:05 [INFO] qtsys.news.scraper: 财联社: 抓取60条
2026-02-27 18:21:05 [INFO] qtsys.news.scraper: 新浪财经: 抓取90条
2026-02-27 18:21:09 [INFO] qtsys.news.scraper: 华尔街见闻: 抓取50条
2026-02-27 18:21:09 [INFO] qtsys.news.scraper: 总计抓取221条, 去重后172条
2026-02-27 18:21:09 [INFO] qtsys.main: 自动刷新: 抓取172条, 新增21条
2026-02-27 18:23:54 [INFO] numexpr.utils: Note: NumExpr detected 24 cores but "NUMEXPR_MAX_THREADS" not set, so enforcing safe limit of 8.
2026-02-27 18:23:54 [INFO] numexpr.utils: NumExpr defaulting to 8 threads.
2026-02-27 18:23:56 [INFO] numexpr.utils: Note: NumExpr detected 24 cores but "NUMEXPR_MAX_THREADS" not set, so enforcing safe limit of 8.
2026-02-27 18:23:56 [INFO] numexpr.utils: NumExpr defaulting to 8 threads.
2026-02-27 18:23:56 [INFO] qtsys.main: QTsys 启动中...
2026-02-27 18:23:56 [INFO] qtsys.main: 数据库初始化完成
2026-02-27 18:23:56 [INFO] qtsys.main: 新闻自动刷新任务已启动
2026-02-27 18:23:57 [WARNING] qtsys.news.scraper: 同花顺: 所有CSS选择器均未匹配，页面可能已改版
2026-02-27 18:23:57 [INFO] qtsys.news.scraper: 同花顺: 抓取0条
2026-02-27 18:23:57 [INFO] qtsys.news.scraper: 央行: 抓取0条
2026-02-27 18:23:57 [INFO] qtsys.news.scraper: 证监会: 抓取0条
2026-02-27 18:23:57 [INFO] qtsys.news.scraper: 金十数据: 抓取20条
2026-02-27 18:23:57 [INFO] qtsys.news.scraper: 东方财富: 抓取0条
2026-02-27 18:23:57 [INFO] qtsys.news.scraper: 新浪财经: 抓取90条
2026-02-27 18:23:57 [INFO] qtsys.news.scraper: 华尔街见闻: 抓取50条
2026-02-27 18:23:58 [INFO] qtsys.news.scraper: 财联社: 抓取60条
2026-02-27 18:23:59 [INFO] qtsys.news.scraper: 总计抓取220条, 去重后169条
2026-02-27 18:24:00 [INFO] qtsys.main: 自动刷新: 抓取169条, 新增9条
2026-02-27 18:26:47 [INFO] qtsys.tasks: 任务已提交: f4ddf74ec807 (factor_selection_backtest)
2026-02-27 18:26:47 [INFO] qtsys.factor.backtest: 选股回测: ((close / delay(close, 20)) - 1), 股票池=5, 20230101-20241231
2026-02-27 18:27:01 [INFO] qtsys.data.cache: 000002.SZ 增量更新: 20231229 -> 20241231, +243条
2026-02-27 18:27:13 [INFO] qtsys.data.cache: 600036.SH 增量更新: 20231229 -> 20241231, +243条
2026-02-27 18:28:15 [INFO] qtsys.tasks: 任务已提交: ae8a116510ac (factor_selection_backtest)
2026-02-27 18:28:15 [INFO] qtsys.factor.backtest: 选股回测: ((close / delay(close, 20)) - 1), 股票池=5, 20230101-20241231
2026-02-27 18:28:49 [INFO] qtsys.tasks: 任务已提交: ee249d70616e (factor_technical_backtest)
2026-02-27 18:28:49 [INFO] qtsys.factor.backtest: 技术回测: ((close / delay(close, 20)) - 1), 股票=['000001.SZ', '000002.SZ', '600036.SH', '601318.SH', '000858.SZ'], 20230101-20241231
2026-02-27 18:29:05 [INFO] qtsys.tasks: 任务已提交: 1ff0f38e05de (factor_technical_backtest)
2026-02-27 18:29:05 [INFO] qtsys.factor.backtest: 技术回测: ((close / delay(close, 20)) - 1), 股票=['000001.SZ', '000002.SZ', '600036.SH', '601318.SH', '000858.SZ'], 20230101-20241231
2026-02-27 18:29:22 [INFO] qtsys.tasks: 任务已提交: 03c25d5d3d1f (factor_technical_backtest)
2026-02-27 18:29:22 [INFO] qtsys.factor.backtest: 技术回测: ((close / delay(close, 20)) - 1), 股票=['000001.SZ', '000002.SZ', '600036.SH', '601318.SH', '000858.SZ'], 20230101-20241231
2026-02-27 18:29:36 [INFO] qtsys.tasks: 任务已提交: 90f2e36a5387 (factor_technical_backtest)
2026-02-27 18:29:36 [INFO] qtsys.factor.backtest: 技术回测: ((close / delay(close, 20)) - 1), 股票=['000001.SZ', '000002.SZ', '600036.SH', '601318.SH', '000858.SZ'], 20230101-20241231
2026-02-27 18:29:43 [INFO] qtsys.tasks: 任务已提交: 244f025ed875 (factor_technical_backtest)
2026-02-27 18:29:43 [INFO] qtsys.factor.backtest: 技术回测: ((close / delay(close, 20)) - 1), 股票=['000001.SZ', '000002.SZ', '600036.SH', '601318.SH', '000858.SZ'], 20230101-20241231
2026-02-27 18:30:31 [INFO] qtsys.news.scraper: 金十数据: 抓取19条
2026-02-27 18:30:32 [WARNING] qtsys.news.scraper: 同花顺: 所有CSS选择器均未匹配，页面可能已改版
2026-02-27 18:30:32 [INFO] qtsys.news.scraper: 同花顺: 抓取0条
2026-02-27 18:30:32 [INFO] qtsys.news.scraper: 华尔街见闻: 抓取50条
2026-02-27 18:30:32 [INFO] qtsys.news.scraper: 央行: 抓取0条
2026-02-27 18:30:32 [INFO] qtsys.news.scraper: 证监会: 抓取0条
2026-02-27 18:30:32 [INFO] qtsys.news.scraper: 东方财富: 抓取0条
2026-02-27 18:30:32 [INFO] qtsys.news.scraper: 新浪财经: 抓取90条
2026-02-27 18:30:32 [INFO] qtsys.news.scraper: 财联社: 抓取60条
2026-02-27 18:30:35 [INFO] qtsys.news.scraper: 总计抓取219条, 去重后171条
2026-02-27 18:32:22 [INFO] qtsys.main: 新闻自动刷新任务已停止
2026-02-27 18:32:22 [INFO] qtsys.main: QTsys 已关闭
2026-02-27 18:43:38 [INFO] numexpr.utils: Note: NumExpr detected 24 cores but "NUMEXPR_MAX_THREADS" not set, so enforcing safe limit of 8.
2026-02-27 18:43:38 [INFO] numexpr.utils: NumExpr defaulting to 8 threads.
2026-02-27 18:44:01 [INFO] numexpr.utils: Note: NumExpr detected 24 cores but "NUMEXPR_MAX_THREADS" not set, so enforcing safe limit of 8.
2026-02-27 18:44:01 [INFO] numexpr.utils: NumExpr defaulting to 8 threads.
2026-02-27 18:44:01 [INFO] qtsys.main: QTsys v2.0.0 启动中...
2026-02-27 18:44:01 [INFO] qtsys.main: 数据库初始化完成
2026-02-27 18:44:01 [INFO] qtsys.main: 新闻自动刷新任务已启动
2026-02-27 18:44:02 [INFO] qtsys.news.scraper: 华尔街见闻: 抓取50条
2026-02-27 18:44:02 [WARNING] qtsys.news.scraper: 同花顺: 所有CSS选择器均未匹配，页面可能已改版
2026-02-27 18:44:02 [INFO] qtsys.news.scraper: 同花顺: 抓取0条
2026-02-27 18:44:02 [INFO] qtsys.news.scraper: 央行: 抓取0条
2026-02-27 18:44:02 [INFO] qtsys.news.scraper: 金十数据: 抓取19条
2026-02-27 18:44:02 [INFO] qtsys.news.scraper: 东方财富: 抓取0条
2026-02-27 18:44:02 [INFO] qtsys.news.scraper: 新浪财经: 抓取90条
2026-02-27 18:44:02 [INFO] qtsys.news.scraper: 证监会: 抓取0条
2026-02-27 18:44:02 [INFO] qtsys.news.scraper: 财联社: 抓取60条
2026-02-27 18:44:03 [INFO] qtsys.news.scraper: 总计抓取219条, 去重后175条
2026-02-27 18:44:03 [INFO] qtsys.main: 自动刷新: 抓取175条, 新增36条
2026-02-27 19:17:14 [INFO] numexpr.utils: Note: NumExpr detected 24 cores but "NUMEXPR_MAX_THREADS" not set, so enforcing safe limit of 8.
2026-02-27 19:17:14 [INFO] numexpr.utils: NumExpr defaulting to 8 threads.
2026-02-27 19:17:17 [INFO] numexpr.utils: Note: NumExpr detected 24 cores but "NUMEXPR_MAX_THREADS" not set, so enforcing safe limit of 8.
2026-02-27 19:17:17 [INFO] numexpr.utils: NumExpr defaulting to 8 threads.
2026-02-27 19:17:17 [INFO] qtsys.main: QTsys v2.0.0 启动中...
2026-02-27 19:17:17 [INFO] qtsys.main: 数据库初始化完成
2026-02-27 19:17:17 [INFO] qtsys.main: 新闻自动刷新任务已启动
2026-02-27 19:17:18 [WARNING] qtsys.news.scraper: 同花顺: 所有CSS选择器均未匹配，页面可能已改版
2026-02-27 19:17:18 [INFO] qtsys.news.scraper: 同花顺: 抓取0条
2026-02-27 19:17:18 [INFO] qtsys.news.scraper: 证监会: 抓取0条
2026-02-27 19:17:18 [INFO] qtsys.news.scraper: 央行: 抓取0条
2026-02-27 19:17:18 [INFO] qtsys.news.scraper: 金十数据: 抓取20条
2026-02-27 19:17:18 [INFO] qtsys.news.scraper: 东方财富: 抓取0条
2026-02-27 19:17:18 [INFO] qtsys.news.scraper: 华尔街见闻: 抓取50条
2026-02-27 19:17:18 [INFO] qtsys.news.scraper: 新浪财经: 抓取90条
2026-02-27 19:17:18 [INFO] qtsys.news.scraper: 财联社: 抓取60条
2026-02-27 19:17:19 [INFO] qtsys.news.scraper: 总计抓取220条, 去重后172条
2026-02-27 19:17:21 [INFO] qtsys.main: 自动刷新: 抓取172条, 新增55条
2026-02-27 19:17:37 [INFO] qtsys.main: 新闻自动刷新任务已停止
2026-02-27 19:17:37 [INFO] qtsys.main: QTsys 已关闭
2026-02-27 19:24:35 [INFO] numexpr.utils: Note: NumExpr detected 24 cores but "NUMEXPR_MAX_THREADS" not set, so enforcing safe limit of 8.
2026-02-27 19:24:35 [INFO] numexpr.utils: NumExpr defaulting to 8 threads.
2026-02-27 19:25:36 [INFO] numexpr.utils: Note: NumExpr detected 24 cores but "NUMEXPR_MAX_THREADS" not set, so enforcing safe limit of 8.
2026-02-27 19:25:36 [INFO] numexpr.utils: NumExpr defaulting to 8 threads.
2026-02-27 19:25:37 [INFO] qtsys.main: QTsys v2.0.0 启动中...
2026-02-27 19:25:37 [INFO] qtsys.main: 数据库初始化完成
2026-02-27 19:25:37 [INFO] qtsys.main: 新闻自动刷新任务已启动
2026-02-27 19:25:38 [INFO] qtsys.news.scraper: 证监会: 抓取0条
2026-02-27 19:25:38 [INFO] qtsys.news.scraper: 央行: 抓取0条
2026-02-27 19:25:38 [INFO] qtsys.news.scraper: 金十数据: 抓取19条
2026-02-27 19:25:38 [WARNING] qtsys.news.scraper: 同花顺: 所有CSS选择器均未匹配，页面可能已改版
2026-02-27 19:25:38 [INFO] qtsys.news.scraper: 同花顺: 抓取0条
2026-02-27 19:25:38 [INFO] qtsys.news.scraper: 东方财富: 抓取0条
2026-02-27 19:25:38 [INFO] qtsys.news.scraper: 华尔街见闻: 抓取50条
2026-02-27 19:25:38 [INFO] qtsys.news.scraper: 新浪财经: 抓取90条
2026-02-27 19:25:38 [INFO] qtsys.news.scraper: 财联社: 抓取60条
2026-02-27 19:25:38 [INFO] qtsys.news.scraper: 总计抓取219条, 去重后172条
2026-02-27 19:25:39 [INFO] qtsys.main: 自动刷新: 抓取172条, 新增12条
2026-02-27 19:37:04 [INFO] numexpr.utils: Note: NumExpr detected 24 cores but "NUMEXPR_MAX_THREADS" not set, so enforcing safe limit of 8.
2026-02-27 19:37:04 [INFO] numexpr.utils: NumExpr defaulting to 8 threads.
2026-02-27 19:37:04 [INFO] qtsys.main: QTsys v2.0.0 启动中...
2026-02-27 19:37:05 [INFO] qtsys.main: 数据库初始化完成
2026-02-27 19:37:05 [INFO] qtsys.main: 新闻自动刷新任务已启动
2026-02-27 19:37:05 [INFO] qtsys.main: 新闻自动刷新任务已停止
2026-02-27 19:37:05 [INFO] qtsys.main: QTsys 已关闭
2026-02-27 19:38:07 [INFO] numexpr.utils: Note: NumExpr detected 24 cores but "NUMEXPR_MAX_THREADS" not set, so enforcing safe limit of 8.
2026-02-27 19:38:07 [INFO] numexpr.utils: NumExpr defaulting to 8 threads.
2026-02-27 19:38:28 [INFO] numexpr.utils: Note: NumExpr detected 24 cores but "NUMEXPR_MAX_THREADS" not set, so enforcing safe limit of 8.
2026-02-27 19:38:28 [INFO] numexpr.utils: NumExpr defaulting to 8 threads.
2026-02-27 19:39:17 [INFO] numexpr.utils: Note: NumExpr detected 24 cores but "NUMEXPR_MAX_THREADS" not set, so enforcing safe limit of 8.
2026-02-27 19:39:17 [INFO] numexpr.utils: NumExpr defaulting to 8 threads.
2026-02-27 19:39:20 [INFO] numexpr.utils: Note: NumExpr detected 24 cores but "NUMEXPR_MAX_THREADS" not set, so enforcing safe limit of 8.
2026-02-27 19:39:20 [INFO] numexpr.utils: NumExpr defaulting to 8 threads.
2026-02-27 19:39:20 [INFO] qtsys.main: QTsys v2.0.0 启动中...
2026-02-27 19:39:20 [INFO] qtsys.main: 数据库初始化完成
2026-02-27 19:39:20 [INFO] qtsys.main: 新闻自动刷新任务已启动
2026-02-27 19:39:21 [INFO] qtsys.news.scraper: 金十数据: 抓取19条
2026-02-27 19:39:21 [WARNING] qtsys.news.scraper: 同花顺: 所有CSS选择器均未匹配，页面可能已改版
2026-02-27 19:39:21 [INFO] qtsys.news.scraper: 同花顺: 抓取0条
2026-02-27 19:39:21 [INFO] qtsys.news.scraper: 央行: 抓取0条
2026-02-27 19:39:21 [INFO] qtsys.news.scraper: 证监会: 抓取0条
2026-02-27 19:39:21 [INFO] qtsys.news.scraper: 东方财富: 抓取0条
2026-02-27 19:39:21 [INFO] qtsys.news.scraper: 华尔街见闻: 抓取50条
2026-02-27 19:39:21 [INFO] qtsys.news.scraper: 财联社: 抓取60条
2026-02-27 19:39:21 [INFO] qtsys.news.scraper: 新浪财经: 抓取90条
2026-02-27 19:39:22 [INFO] qtsys.news.scraper: 总计抓取219条, 去重后169条
2026-02-27 19:39:24 [INFO] qtsys.main: 自动刷新: 抓取169条, 新增23条
2026-02-27 19:39:33 [INFO] qtsys.main: 新闻自动刷新任务已停止
2026-02-27 19:39:33 [INFO] qtsys.main: QTsys 已关闭
2026-02-28 01:54:44 [INFO] numexpr.utils: Note: NumExpr detected 24 cores but "NUMEXPR_MAX_THREADS" not set, so enforcing safe limit of 8.
2026-02-28 01:54:44 [INFO] numexpr.utils: NumExpr defaulting to 8 threads.
2026-02-28 01:54:51 [INFO] numexpr.utils: Note: NumExpr detected 24 cores but "NUMEXPR_MAX_THREADS" not set, so enforcing safe limit of 8.
2026-02-28 01:54:51 [INFO] numexpr.utils: NumExpr defaulting to 8 threads.
2026-02-28 01:54:52 [INFO] qtsys.main: QTsys v2.0.0 启动中...
2026-02-28 01:54:52 [INFO] qtsys.main: 数据库初始化完成
2026-02-28 01:54:52 [INFO] qtsys.main: 新闻自动刷新任务已启动
2026-02-28 01:54:53 [INFO] qtsys.news.scraper: 金十数据: 抓取20条
2026-02-28 01:54:53 [WARNING] qtsys.news.scraper: 同花顺: 所有CSS选择器均未匹配，页面可能已改版
2026-02-28 01:54:53 [INFO] qtsys.news.scraper: 同花顺: 抓取0条
2026-02-28 01:54:53 [INFO] qtsys.news.scraper: 华尔街见闻: 抓取50条
2026-02-28 01:54:53 [INFO] qtsys.news.scraper: 新浪财经: 抓取90条
2026-02-28 01:54:53 [INFO] qtsys.news.scraper: 央行: 抓取0条
2026-02-28 01:54:53 [INFO] qtsys.news.scraper: 证监会: 抓取0条
2026-02-28 01:54:53 [INFO] qtsys.news.scraper: 东方财富: 抓取0条
2026-02-28 01:54:53 [INFO] qtsys.news.scraper: 财联社: 抓取60条
2026-02-28 01:54:53 [INFO] qtsys.news.scraper: 总计抓取220条, 去重后160条
2026-02-28 01:54:53 [INFO] qtsys.main: 自动刷新: 抓取160条, 新增160条
